Flutter crash report.
Please report a bug at https://github.com/flutter/flutter/issues.

## command

flutter pub get

## exception

PathAccessException: PathAccessException: Cannot create link, path = '/run/media/wilbur/MyGithub/repos/Restaurant-App/windows/flutter/ephemeral/.plugin_symlinks/flutter_local_notifications_windows' (OS Error: Operation not permitted, errno = 1)

```
#0      _Link.throwIfError (dart:io/link.dart:358:7)
#1      _Link.createSync (dart:io/link.dart:276:5)
#2      ForwardingLink.createSync (package:file/src/forwarding/forwarding_link.dart:20:16)
#3      ForwardingLink.createSync (package:file/src/forwarding/forwarding_link.dart:20:16)
#4      _createPlatformPluginSymlinks (package:flutter_tools/src/flutter_plugins.dart:1143:12)
#5      createPluginSymlinks (package:flutter_tools/src/flutter_plugins.dart:1060:5)
#6      refreshPluginsList (package:flutter_tools/src/flutter_plugins.dart:1192:5)
<asynchronous suspension>
#7      FlutterProject.ensureReadyForPlatformSpecificTooling (package:flutter_tools/src/project.dart:401:5)
<asynchronous suspension>
#8      PackagesGetCommand.runCommand (package:flutter_tools/src/commands/packages.dart:395:9)
<asynchronous suspension>
#9      FlutterCommand.run.<anonymous closure> (package:flutter_tools/src/runner/flutter_command.dart:1559:27)
<asynchronous suspension>
#10     AppContext.run.<anonymous closure> (package:flutter_tools/src/base/context.dart:154:19)
<asynchronous suspension>
#11     CommandRunner.runCommand (package:args/command_runner.dart:212:13)
<asynchronous suspension>
#12     FlutterCommandRunner.runCommand.<anonymous closure> (package:flutter_tools/src/runner/flutter_command_runner.dart:487:9)
<asynchronous suspension>
#13     AppContext.run.<anonymous closure> (package:flutter_tools/src/base/context.dart:154:19)
<asynchronous suspension>
#14     FlutterCommandRunner.runCommand (package:flutter_tools/src/runner/flutter_command_runner.dart:422:5)
<asynchronous suspension>
#15     run.<anonymous closure>.<anonymous closure> (package:flutter_tools/runner.dart:104:11)
<asynchronous suspension>
#16     AppContext.run.<anonymous closure> (package:flutter_tools/src/base/context.dart:154:19)
<asynchronous suspension>
#17     main (package:flutter_tools/executable.dart:103:3)
<asynchronous suspension>
```

## flutter doctor

```
[32m[✓][39m Flutter (Channel stable, 3.38.9, on Arch Linux 6.18.8-arch2-1, locale en_US.UTF-8) [118ms]
    [32m•[39m Flutter version 3.38.9 on channel stable at /home/wilbur/flutter
    [32m•[39m Upstream repository https://github.com/flutter/flutter.git
    [32m•[39m Framework revision 67323de285 (3 weeks ago), 2026-01-28 13:43:12 -0800
    [32m•[39m Engine revision 587c18f873
    [32m•[39m Dart version 3.10.8
    [32m•[39m DevTools version 2.51.1
    [32m•[39m Feature flags: enable-web, enable-linux-desktop, enable-macos-desktop, enable-windows-desktop,
      enable-android, enable-ios, cli-animations, enable-native-assets, omit-legacy-version-file,
      enable-lldb-debugging

[32m[✓][39m Android toolchain - develop for Android devices (Android SDK version 36.1.0) [7.8s]
    [32m•[39m Android SDK at /opt/android-sdk
    [32m•[39m Emulator version 36.3.10.0 (build_id 14472402) (CL:N/A)
    [32m•[39m Platform android-36, build-tools 36.1.0
    [32m•[39m ANDROID_HOME = /opt/android-sdk
    [32m•[39m ANDROID_SDK_ROOT = /opt/android-sdk
    [32m•[39m Java binary at: /usr/lib/jvm/java-17-openjdk/bin/java
      This JDK is specified in your Flutter configuration.
      To change the current JDK, run: `flutter config --jdk-dir="path/to/jdk"`.
    [32m•[39m Java version OpenJDK Runtime Environment (build 17.0.18+8)
    [32m•[39m All Android licenses accepted.

[32m[✓][39m Chrome - develop for the web [27ms]
    [32m•[39m Chrome at google-chrome

[32m[✓][39m Linux toolchain - develop for Linux desktop [1,219ms]
    [32m•[39m clang version 21.1.6
    [32m•[39m cmake version 4.2.3
    [32m•[39m ninja version 1.13.2
    [32m•[39m pkg-config version 2.5.1
    [32m•[39m OpenGL core renderer: AMD Radeon R5 Graphics (radeonsi, carrizo, ACO, DRM 3.64, 6.18.8-arch2-1)
    [32m•[39m OpenGL core version: 4.6 (Core Profile) Mesa 25.3.5-arch1.1
    [32m•[39m OpenGL core shading language version: 4.60
    [32m•[39m OpenGL ES renderer: AMD Radeon R5 Graphics (radeonsi, carrizo, ACO, DRM 3.64, 6.18.8-arch2-1)
    [32m•[39m OpenGL ES version: OpenGL ES 3.2 Mesa 25.3.5-arch1.1
    [32m•[39m OpenGL ES shading language version: OpenGL ES GLSL ES 3.20
    [32m•[39m GL_EXT_framebuffer_blit: yes
    [32m•[39m GL_EXT_texture_format_BGRA8888: yes

[32m[✓][39m Connected device (2 available) [253ms]
    [32m•[39m Linux (desktop) • linux  • linux-x64      • Arch Linux 6.18.8-arch2-1
    [32m•[39m Chrome (web)    • chrome • web-javascript • Chromium 144.0.7559.109 Arch Linux

[32m[✓][39m Network resources [1,132ms]
    [32m•[39m All expected network resources are available.

[32m•[39m No issues found!
```
